================================================================================
CAREER APPLICATION E2E TEST
================================================================================
Test started at: 2026-01-22T13:01:53.607602
Test user: test_career_1769058113@example.com

STEP 1: Register user
--------------------------------------------------------------------------------
ERROR: <urlopen error [WinError 10061] 由于目标计算机积极拒绝，无法连接。>
Status: None
Response: <urlopen error [WinError 10061] 由于目标计算机积极拒绝，无法连接。>
[FAIL] Register failed

STEP 2: Login
--------------------------------------------------------------------------------
ERROR: <urlopen error [WinError 10061] 由于目标计算机积极拒绝，无法连接。>
Status: None
Response: <urlopen error [WinError 10061] 由于目标计算机积极拒绝，无法连接。>
[FAIL] Login failed

Cannot continue without token
